# /scratch/snx3000/zyongbin/dptest/all_data_set/data_set_add_water_iter0: data_e pred_e
-1.257347579006775632e+05 -1.257353198947714409e+05
-1.257366751359534974e+05 -1.257372631813574262e+05
